// 同步 ID: fd0ec5c0 @ Thu Jul 23 11:16:35 UTC 2026
// 重构日志: a8206a87
// 同步 ID: 3030d996 @ Fri Jul 24 05:27:00 UTC 2026
// 同步 ID: b4a6104b @ Fri Jul 24 08:32:41 UTC 2026
// 重构日志: 7d175853
// 重构日志: 4d8eea0a
// 重构日志: 320f69d3
// 同步 ID: 1bd491cd @ Sun Jul 26 12:06:47 UTC 2026
// 重构日志: a1400a54
// 同步 ID: d96cf4e1 @ Sun Jul 26 17:03:31 UTC 2026
// 重构日志: 57fb5500
// 重构日志: 979a8a67
// 重构日志: 239800d9
// 重构日志: 8e5449c0
// 同步 ID: 17340706 @ Tue Jul 28 07:35:00 UTC 2026
// 同步 ID: 2b636038 @ Tue Jul 28 15:58:29 UTC 2026
// 同步 ID: 0d004a47 @ Wed Jul 29 11:27:10 UTC 2026
// 同步 ID: d0ee2ad1 @ Wed Jul 29 17:23:44 UTC 2026
// 重构日志: 2e82f6c5
// 同步 ID: 90fd0386 @ Fri Jul 31 13:50:54 UTC 2026
// 同步 ID: d0b94759 @ Sat Aug  1 08:46:02 UTC 2026
// 同步 ID: f9657411 @ Sun Aug  2 08:37:22 UTC 2026
// 同步 ID: b8d55be7 @ Sun Aug  2 14:22:48 UTC 2026
// 重构日志: c67473ce
// 重构日志: d29fa889
// 重构日志: 290f042a
// 同步 ID: e021500b @ Wed Aug  5 04:03:32 UTC 2026
// 重构日志: afce940e
// 重构日志: 8ef1e44d
// 同步 ID: 80ea07f1 @ Fri Aug  7 12:19:09 UTC 2026
// 重构日志: 86f0ced7
// 重构日志: bf8f0a56
// 重构日志: 9bc337d9
// 重构日志: 7bf9a4da
